// Jest Snapshot v1, https://goo.gl/fbAQLP

exports[`Testing Address component Render component successfully 1`] = `
<View
  style={
    [
      {
        "alignItems": "center",
        "columnGap": 4,
        "flexDirection": "row",
      },
      {
        "justifyContent": "space-between",
      },
      {
        "backgroundColor": "#fff",
        "paddingHorizontal": 20,
        "paddingVertical": 15,
      },
      undefined,
    ]
  }
>
  <View
    style={
      {
        "rowGap": 4,
      }
    }
  >
    <Text
      style={
        [
          {
            "color": "#fff",
            "fontFamily": "Montserrat_400Regular",
          },
          {
            "fontSize": 14,
          },
          {
            "color": "#4f4f4f",
            "fontFamily": "Montserrat_500Medium",
          },
        ]
      }
    >
      Deliver to Tradly Team, 75119
    </Text>
    <Text
      style={
        [
          {
            "color": "#fff",
            "fontFamily": "Montserrat_400Regular",
          },
          {
            "fontSize": 14,
          },
          [
            {
              "color": "#4f4f4f",
              "fontFamily": "Montserrat_500Medium",
            },
            {
              "opacity": 0.7,
            },
          ],
        ]
      }
    >
      Kualalumpur, Malaysia
    </Text>
  </View>
  <View
    accessibilityState={
      {
        "busy": undefined,
        "checked": undefined,
        "disabled": undefined,
        "expanded": undefined,
        "selected": undefined,
      }
    }
    accessibilityValue={
      {
        "max": undefined,
        "min": undefined,
        "now": undefined,
        "text": undefined,
      }
    }
    accessible={true}
    collapsable={false}
    focusable={true}
    onClick={[Function]}
    onResponderGrant={[Function]}
    onResponderMove={[Function]}
    onResponderRelease={[Function]}
    onResponderTerminate={[Function]}
    onResponderTerminationRequest={[Function]}
    onStartShouldSetResponder={[Function]}
    style={
      {
        "backgroundColor": "#33907C",
        "borderColor": "#33907C",
        "borderRadius": 50,
        "borderWidth": 2,
        "opacity": 1,
        "paddingHorizontal": 23,
        "paddingVertical": 4,
      }
    }
  >
    <View
      style={
        {
          "alignItems": "center",
          "columnGap": 6,
          "display": "flex",
          "flexDirection": "row",
          "justifyContent": "center",
        }
      }
    >
      <Text
        style={
          [
            {
              "color": "#fff",
              "fontFamily": "Montserrat_400Regular",
            },
            {
              "fontSize": 16,
            },
            [
              {
                "color": "#fff",
              },
              {
                "fontFamily": "Montserrat_500Medium",
                "textAlign": "center",
                "textTransform": "capitalize",
              },
              {
                "fontSize": 12,
              },
            ],
          ]
        }
      >
        change
      </Text>
    </View>
  </View>
</View>
`;
