// Jest Snapshot v1, https://goo.gl/fbAQLP

exports[`Testing Radio component Render Radio component success 1`] = `
<RCTScrollView
  ItemSeparatorComponent={[Function]}
  data={
    [
      {
        "id": "1",
        "name": "Debit / Credit Card",
      },
      {
        "id": "2",
        "name": "Netbanking",
      },
      {
        "id": "3",
        "name": "Cash on Delivery",
      },
      {
        "id": "4",
        "name": "Wallet",
      },
    ]
  }
  getItem={[Function]}
  getItemCount={[Function]}
  keyExtractor={[Function]}
  onContentSizeChange={[Function]}
  onLayout={[Function]}
  onMomentumScrollBegin={[Function]}
  onMomentumScrollEnd={[Function]}
  onScroll={[Function]}
  onScrollBeginDrag={[Function]}
  onScrollEndDrag={[Function]}
  removeClippedSubviews={false}
  renderItem={[Function]}
  scrollEventThrottle={50}
  stickyHeaderIndices={[]}
  viewabilityConfigCallbackPairs={[]}
>
  <View>
    <View
      onFocusCapture={[Function]}
      onLayout={[Function]}
      style={null}
    >
      <View
        accessibilityState={
          {
            "busy": undefined,
            "checked": undefined,
            "disabled": undefined,
            "expanded": undefined,
            "selected": undefined,
          }
        }
        accessibilityValue={
          {
            "max": undefined,
            "min": undefined,
            "now": undefined,
            "text": undefined,
          }
        }
        accessible={true}
        collapsable={false}
        focusable={true}
        onClick={[Function]}
        onResponderGrant={[Function]}
        onResponderMove={[Function]}
        onResponderRelease={[Function]}
        onResponderTerminate={[Function]}
        onResponderTerminationRequest={[Function]}
        onStartShouldSetResponder={[Function]}
        style={
          {
            "opacity": 1,
            "paddingLeft": 16,
            "paddingVertical": 13.5,
          }
        }
      >
        <View
          style={
            [
              {
                "alignItems": "center",
                "columnGap": 4,
                "flexDirection": "row",
              },
              {
                "columnGap": 8,
              },
            ]
          }
        >
          <View
            style={
              [
                {
                  "alignItems": "center",
                  "borderRadius": 50,
                  "borderWidth": 1,
                  "height": 18,
                  "justifyContent": "center",
                  "width": 18,
                },
                {
                  "borderColor": "#ced2d9",
                },
              ]
            }
          />
          <Text
            style={
              [
                {
                  "color": "#fff",
                  "fontFamily": "Montserrat_400Regular",
                },
                {
                  "fontSize": 14,
                },
                {
                  "color": "#4f4f4f",
                  "fontFamily": "Montserrat_600SemiBold",
                  "lineHeight": 21,
                },
              ]
            }
          >
            Debit / Credit Card
          </Text>
        </View>
      </View>
      <View
        style={
          {
            "backgroundColor": "#d8d8d8",
            "height": 1,
          }
        }
      />
    </View>
    <View
      onFocusCapture={[Function]}
      onLayout={[Function]}
      style={null}
    >
      <View
        accessibilityState={
          {
            "busy": undefined,
            "checked": undefined,
            "disabled": undefined,
            "expanded": undefined,
            "selected": undefined,
          }
        }
        accessibilityValue={
          {
            "max": undefined,
            "min": undefined,
            "now": undefined,
            "text": undefined,
          }
        }
        accessible={true}
        collapsable={false}
        focusable={true}
        onClick={[Function]}
        onResponderGrant={[Function]}
        onResponderMove={[Function]}
        onResponderRelease={[Function]}
        onResponderTerminate={[Function]}
        onResponderTerminationRequest={[Function]}
        onStartShouldSetResponder={[Function]}
        style={
          {
            "opacity": 1,
            "paddingLeft": 16,
            "paddingVertical": 13.5,
          }
        }
      >
        <View
          style={
            [
              {
                "alignItems": "center",
                "columnGap": 4,
                "flexDirection": "row",
              },
              {
                "columnGap": 8,
              },
            ]
          }
        >
          <View
            style={
              [
                {
                  "alignItems": "center",
                  "borderRadius": 50,
                  "borderWidth": 1,
                  "height": 18,
                  "justifyContent": "center",
                  "width": 18,
                },
                {
                  "borderColor": "#ced2d9",
                },
              ]
            }
          />
          <Text
            style={
              [
                {
                  "color": "#fff",
                  "fontFamily": "Montserrat_400Regular",
                },
                {
                  "fontSize": 14,
                },
                {
                  "color": "#4f4f4f",
                  "fontFamily": "Montserrat_600SemiBold",
                  "lineHeight": 21,
                },
              ]
            }
          >
            Netbanking
          </Text>
        </View>
      </View>
      <View
        style={
          {
            "backgroundColor": "#d8d8d8",
            "height": 1,
          }
        }
      />
    </View>
    <View
      onFocusCapture={[Function]}
      onLayout={[Function]}
      style={null}
    >
      <View
        accessibilityState={
          {
            "busy": undefined,
            "checked": undefined,
            "disabled": undefined,
            "expanded": undefined,
            "selected": undefined,
          }
        }
        accessibilityValue={
          {
            "max": undefined,
            "min": undefined,
            "now": undefined,
            "text": undefined,
          }
        }
        accessible={true}
        collapsable={false}
        focusable={true}
        onClick={[Function]}
        onResponderGrant={[Function]}
        onResponderMove={[Function]}
        onResponderRelease={[Function]}
        onResponderTerminate={[Function]}
        onResponderTerminationRequest={[Function]}
        onStartShouldSetResponder={[Function]}
        style={
          {
            "opacity": 1,
            "paddingLeft": 16,
            "paddingVertical": 13.5,
          }
        }
      >
        <View
          style={
            [
              {
                "alignItems": "center",
                "columnGap": 4,
                "flexDirection": "row",
              },
              {
                "columnGap": 8,
              },
            ]
          }
        >
          <View
            style={
              [
                {
                  "alignItems": "center",
                  "borderRadius": 50,
                  "borderWidth": 1,
                  "height": 18,
                  "justifyContent": "center",
                  "width": 18,
                },
                {
                  "borderColor": "#ced2d9",
                },
              ]
            }
          />
          <Text
            style={
              [
                {
                  "color": "#fff",
                  "fontFamily": "Montserrat_400Regular",
                },
                {
                  "fontSize": 14,
                },
                {
                  "color": "#4f4f4f",
                  "fontFamily": "Montserrat_600SemiBold",
                  "lineHeight": 21,
                },
              ]
            }
          >
            Cash on Delivery
          </Text>
        </View>
      </View>
      <View
        style={
          {
            "backgroundColor": "#d8d8d8",
            "height": 1,
          }
        }
      />
    </View>
    <View
      onFocusCapture={[Function]}
      onLayout={[Function]}
      style={null}
    >
      <View
        accessibilityState={
          {
            "busy": undefined,
            "checked": undefined,
            "disabled": undefined,
            "expanded": undefined,
            "selected": undefined,
          }
        }
        accessibilityValue={
          {
            "max": undefined,
            "min": undefined,
            "now": undefined,
            "text": undefined,
          }
        }
        accessible={true}
        collapsable={false}
        focusable={true}
        onClick={[Function]}
        onResponderGrant={[Function]}
        onResponderMove={[Function]}
        onResponderRelease={[Function]}
        onResponderTerminate={[Function]}
        onResponderTerminationRequest={[Function]}
        onStartShouldSetResponder={[Function]}
        style={
          {
            "opacity": 1,
            "paddingLeft": 16,
            "paddingVertical": 13.5,
          }
        }
      >
        <View
          style={
            [
              {
                "alignItems": "center",
                "columnGap": 4,
                "flexDirection": "row",
              },
              {
                "columnGap": 8,
              },
            ]
          }
        >
          <View
            style={
              [
                {
                  "alignItems": "center",
                  "borderRadius": 50,
                  "borderWidth": 1,
                  "height": 18,
                  "justifyContent": "center",
                  "width": 18,
                },
                {
                  "borderColor": "#ced2d9",
                },
              ]
            }
          />
          <Text
            style={
              [
                {
                  "color": "#fff",
                  "fontFamily": "Montserrat_400Regular",
                },
                {
                  "fontSize": 14,
                },
                {
                  "color": "#4f4f4f",
                  "fontFamily": "Montserrat_600SemiBold",
                  "lineHeight": 21,
                },
              ]
            }
          >
            Wallet
          </Text>
        </View>
      </View>
    </View>
  </View>
</RCTScrollView>
`;
