// Jest Snapshot v1, https://goo.gl/fbAQLP

exports[`Testing avatar component Render avatar successfully 1`] = `
<View
  style={
    [
      {
        "alignItems": "center",
        "columnGap": 4,
        "flexDirection": "row",
      },
      {
        "columnGap": 10,
      },
      undefined,
    ]
  }
>
  <Image
    accessibilityLabel="user-avatar"
    source={
      {
        "testUri": "../../../assets/avatar.png",
      }
    }
    style={
      [
        {
          "borderRadius": 50,
        },
        {
          "height": 20,
          "width": 20,
        },
      ]
    }
  />
  <Text
    numberOfLines={1}
    style={
      [
        {
          "color": "#fff",
          "fontFamily": "Montserrat_400Regular",
        },
        {
          "fontSize": 14,
        },
        {
          "color": "#4f4f4f",
          "fontFamily": "Montserrat_500Medium",
          "textTransform": "capitalize",
        },
      ]
    }
  >
    user
  </Text>
</View>
`;
