// Jest Snapshot v1, https://goo.gl/fbAQLP

exports[`Testing Input component Render Input component success 1`] = `
<View>
  <Text
    style={
      [
        {
          "color": "#fff",
          "fontFamily": "Montserrat_400Regular",
        },
        {
          "fontSize": 14,
        },
        {
          "color": "#3a2c3c",
          "fontFamily": "Montserrat_500Medium",
        },
      ]
    }
  >
    first name
  </Text>
  <TextInput
    onBlur={[Function]}
    onChangeText={[Function]}
    onFocus={[Function]}
    style={
      [
        {
          "borderBottomColor": "#dbdbde",
          "borderBottomWidth": 0.5,
          "color": "#000",
          "fontFamily": "Montserrat_500Medium",
          "fontSize": 16,
          "paddingVertical": 5,
        },
        {},
        undefined,
      ]
    }
    value=""
  />
</View>
`;
