// Jest Snapshot v1, https://goo.gl/fbAQLP

exports[`Testing Payment Card placeholder component Render Payment Card placeholder component success 1`] = `
<View
  accessibilityState={
    {
      "busy": undefined,
      "checked": undefined,
      "disabled": undefined,
      "expanded": undefined,
      "selected": undefined,
    }
  }
  accessible={true}
  focusable={false}
  onClick={[Function]}
  onResponderGrant={[Function]}
  onResponderMove={[Function]}
  onResponderRelease={[Function]}
  onResponderTerminate={[Function]}
  onResponderTerminationRequest={[Function]}
  onStartShouldSetResponder={[Function]}
  style={
    [
      {
        "alignItems": "center",
        "alignSelf": "flex-start",
        "borderColor": "#00000033",
        "borderRadius": 10,
        "borderStyle": "dashed",
        "borderWidth": 2,
        "paddingHorizontal": 38.5,
        "paddingVertical": 36,
        "rowGap": 20,
      },
      undefined,
    ]
  }
>
  <Image
    source={
      {
        "testUri": "../../../assets/payment/icon.png",
      }
    }
  />
  <Text
    style={
      [
        {
          "color": "#fff",
          "fontFamily": "Montserrat_400Regular",
        },
        {
          "fontSize": 14,
        },
        {
          "color": "#00000033",
          "letterSpacing": 0.5,
          "lineHeight": 28,
          "textTransform": "capitalize",
        },
      ]
    }
  >
    add payment method
  </Text>
</View>
`;
