// Jest Snapshot v1, https://goo.gl/fbAQLP

exports[`Testing Search component Render Search component success 1`] = `
<View
  accessibilityState={
    {
      "busy": undefined,
      "checked": undefined,
      "disabled": undefined,
      "expanded": undefined,
      "selected": undefined,
    }
  }
  accessible={true}
  focusable={true}
  onClick={[Function]}
  onResponderGrant={[Function]}
  onResponderMove={[Function]}
  onResponderRelease={[Function]}
  onResponderTerminate={[Function]}
  onResponderTerminationRequest={[Function]}
  onStartShouldSetResponder={[Function]}
  style={
    [
      {
        "alignItems": "center",
        "backgroundColor": "#fff",
        "borderRadius": 50,
        "columnGap": 20,
        "display": "flex",
        "flexDirection": "row",
        "paddingLeft": 17,
      },
      undefined,
    ]
  }
>
  <Image
    source={
      {
        "testUri": "../../../assets/search.png",
      }
    }
    style={
      {
        "height": 24,
        "resizeMode": "cover",
        "width": 24,
      }
    }
  />
  <View
    style={
      {
        "flex": 1,
      }
    }
  >
    <TextInput
      onBlur={[Function]}
      onChangeText={[Function]}
      onFocus={[Function]}
      placeholder="my search input"
      placeholderTextColor="#4f4f4f"
      style={
        [
          {
            "borderColor": "#fff",
            "borderRadius": 50,
            "borderWidth": 1,
            "color": "#fff",
            "fontFamily": "Montserrat_400Regular",
            "fontSize": 18,
            "paddingLeft": 15,
            "paddingVertical": 12,
          },
          {},
          {
            "color": "#4f4f4f",
            "fontFamily": "Montserrat_500Medium",
            "fontSize": 14,
            "paddingLeft": 0,
            "paddingVertical": 8,
          },
        ]
      }
      value=""
    />
  </View>
</View>
`;
