// Jest Snapshot v1, https://goo.gl/fbAQLP

exports[`Testing menu card component Render menu card success 1`] = `
<View
  accessibilityState={
    {
      "busy": undefined,
      "checked": undefined,
      "disabled": undefined,
      "expanded": undefined,
      "selected": undefined,
    }
  }
  accessibilityValue={
    {
      "max": undefined,
      "min": undefined,
      "now": undefined,
      "text": undefined,
    }
  }
  accessible={true}
  collapsable={false}
  focusable={true}
  onClick={[Function]}
  onResponderGrant={[Function]}
  onResponderMove={[Function]}
  onResponderRelease={[Function]}
  onResponderTerminate={[Function]}
  onResponderTerminationRequest={[Function]}
  onStartShouldSetResponder={[Function]}
  style={
    {
      "alignItems": "stretch",
      "flex": 1,
      "justifyContent": "center",
      "opacity": 1,
    }
  }
>
  <View
    accessibilityIgnoresInvertColors={true}
    style={
      [
        {
          "height": 93,
        },
        {
          "alignItems": "center",
          "justifyContent": "center",
        },
        undefined,
      ]
    }
  >
    <Image
      source={
        {
          "testUri": "../../../assets/menu/beverages.png",
        }
      }
      style={
        [
          {
            "bottom": 0,
            "left": 0,
            "position": "absolute",
            "right": 0,
            "top": 0,
          },
          {
            "height": 93,
            "width": undefined,
          },
          undefined,
        ]
      }
    />
    <Text
      style={
        [
          {
            "color": "#fff",
            "fontFamily": "Montserrat_400Regular",
          },
          {
            "fontSize": 14,
          },
          {
            "fontFamily": "Montserrat_600SemiBold",
            "fontSize": 11,
            "textTransform": "capitalize",
          },
        ]
      }
    >
      beverages
    </Text>
  </View>
</View>
`;
