// Jest Snapshot v1, https://goo.gl/fbAQLP

exports[`Testing onboarding screen Render screen successfully 1`] = `
<RNCSafeAreaView
  edges={
    {
      "bottom": "additive",
      "left": "additive",
      "right": "additive",
      "top": "additive",
    }
  }
  route={
    {
      "name": "Onboarding",
    }
  }
  style={
    [
      {
        "flex": 1,
      },
      {
        "backgroundColor": "#fff",
        "paddingVertical": 20,
      },
      undefined,
    ]
  }
>
  <View
    style={
      {
        "backgroundColor": "#33907C",
        "height": "40%",
        "left": 0,
        "position": "absolute",
        "top": 0,
        "width": 750,
      }
    }
  />
  <RNCViewPager
    initialPage={0}
    layoutDirection="ltr"
    onMoveShouldSetResponderCapture={[Function]}
    onPageScroll={[Function]}
    onPageScrollStateChanged={[Function]}
    onPageSelected={[Function]}
    style={
      {
        "flex": 1,
      }
    }
  >
    <View
      collapsable={false}
      style={
        {
          "bottom": 0,
          "left": 0,
          "position": "absolute",
          "right": 0,
          "top": 0,
        }
      }
    >
      <View
        style={
          [
            {
              "alignItems": "center",
              "flex": 1,
              "justifyContent": "center",
              "rowGap": 42,
            },
            {
              "bottom": 0,
              "left": 0,
              "position": "absolute",
              "right": 0,
              "top": 0,
            },
          ]
        }
      >
        <View
          style={
            {
              "backgroundColor": "#fff",
              "borderRadius": 10,
              "paddingBottom": 30,
              "paddingTop": 60,
            }
          }
        >
          <Image
            source={
              {
                "testUri": "../../../assets/onboarding/onboarding-1.png",
              }
            }
          />
        </View>
        <Text
          style={
            [
              {
                "color": "#fff",
                "fontFamily": "Montserrat_400Regular",
              },
              {
                "fontSize": 20,
              },
              {
                "color": "#33907C",
                "fontFamily": "Montserrat_500Medium",
                "letterSpacing": -0.5,
                "lineHeight": 30,
                "maxWidth": 300,
                "textAlign": "center",
              },
            ]
          }
        >
          Empowering Artisans, Farmers & Micro Business
        </Text>
      </View>
    </View>
    <View
      collapsable={false}
      style={
        {
          "bottom": 0,
          "left": 0,
          "position": "absolute",
          "right": 0,
          "top": 0,
        }
      }
    >
      <View
        style={
          [
            {
              "alignItems": "center",
              "flex": 1,
              "justifyContent": "center",
              "rowGap": 42,
            },
            {
              "bottom": 0,
              "left": 0,
              "position": "absolute",
              "right": 0,
              "top": 0,
            },
          ]
        }
      >
        <View
          style={
            {
              "backgroundColor": "#fff",
              "borderRadius": 10,
              "paddingBottom": 30,
              "paddingTop": 60,
            }
          }
        >
          <Image
            source={
              {
                "testUri": "../../../assets/onboarding/onboarding-2.png",
              }
            }
          />
        </View>
        <Text
          style={
            [
              {
                "color": "#fff",
                "fontFamily": "Montserrat_400Regular",
              },
              {
                "fontSize": 20,
              },
              {
                "color": "#33907C",
                "fontFamily": "Montserrat_500Medium",
                "letterSpacing": -0.5,
                "lineHeight": 30,
                "maxWidth": 300,
                "textAlign": "center",
              },
            ]
          }
        >
          Connecting NGOs, Social Enterprises with Communities
        </Text>
      </View>
    </View>
    <View
      collapsable={false}
      style={
        {
          "bottom": 0,
          "left": 0,
          "position": "absolute",
          "right": 0,
          "top": 0,
        }
      }
    >
      <View
        style={
          [
            {
              "alignItems": "center",
              "flex": 1,
              "justifyContent": "center",
              "rowGap": 42,
            },
            {
              "bottom": 0,
              "left": 0,
              "position": "absolute",
              "right": 0,
              "top": 0,
            },
          ]
        }
      >
        <View
          style={
            {
              "backgroundColor": "#fff",
              "borderRadius": 10,
              "paddingBottom": 30,
              "paddingTop": 60,
            }
          }
        >
          <Image
            source={
              {
                "testUri": "../../../assets/onboarding/onboarding-3.png",
              }
            }
          />
        </View>
        <Text
          style={
            [
              {
                "color": "#fff",
                "fontFamily": "Montserrat_400Regular",
              },
              {
                "fontSize": 20,
              },
              {
                "color": "#33907C",
                "fontFamily": "Montserrat_500Medium",
                "letterSpacing": -0.5,
                "lineHeight": 30,
                "maxWidth": 300,
                "textAlign": "center",
              },
            ]
          }
        >
          Donate, Invest & Support infrastructure projects
        </Text>
      </View>
    </View>
  </RNCViewPager>
  <View
    style={
      {
        "alignItems": "center",
        "columnGap": 10,
        "flexDirection": "row",
        "justifyContent": "center",
        "marginBottom": 50,
      }
    }
  >
    <View
      style={
        [
          {
            "alignSelf": "flex-start",
            "borderRadius": 50,
            "height": 12,
            "width": 12,
          },
          {
            "backgroundColor": "#33907C",
          },
        ]
      }
    />
    <View
      style={
        [
          {
            "alignSelf": "flex-start",
            "borderRadius": 50,
            "height": 12,
            "width": 12,
          },
          {
            "backgroundColor": "#33907C",
            "opacity": 0.6,
          },
        ]
      }
    />
    <View
      style={
        [
          {
            "alignSelf": "flex-start",
            "borderRadius": 50,
            "height": 12,
            "width": 12,
          },
          {
            "backgroundColor": "#33907C",
            "opacity": 0.6,
          },
        ]
      }
    />
  </View>
  <View
    accessibilityState={
      {
        "busy": undefined,
        "checked": undefined,
        "disabled": undefined,
        "expanded": undefined,
        "selected": undefined,
      }
    }
    accessibilityValue={
      {
        "max": undefined,
        "min": undefined,
        "now": undefined,
        "text": undefined,
      }
    }
    accessible={true}
    collapsable={false}
    focusable={true}
    onClick={[Function]}
    onResponderGrant={[Function]}
    onResponderMove={[Function]}
    onResponderRelease={[Function]}
    onResponderTerminate={[Function]}
    onResponderTerminationRequest={[Function]}
    onStartShouldSetResponder={[Function]}
    style={
      {
        "backgroundColor": "#33907C",
        "borderColor": "#33907C",
        "borderRadius": 50,
        "borderWidth": 2,
        "marginHorizontal": 34,
        "opacity": 1,
        "paddingVertical": 13,
      }
    }
  >
    <View
      style={
        {
          "alignItems": "center",
          "columnGap": 6,
          "display": "flex",
          "flexDirection": "row",
          "justifyContent": "center",
        }
      }
    >
      <Text
        style={
          [
            {
              "color": "#fff",
              "fontFamily": "Montserrat_400Regular",
            },
            {
              "fontSize": 16,
            },
            [
              {
                "color": "#fff",
              },
              {
                "fontFamily": "Montserrat_500Medium",
                "textAlign": "center",
                "textTransform": "capitalize",
              },
              undefined,
            ],
          ]
        }
      >
        next
      </Text>
    </View>
  </View>
</RNCSafeAreaView>
`;
