// Jest Snapshot v1, https://goo.gl/fbAQLP

exports[`Testing Bar component Render Bar component success 1`] = `
<View
  style={
    [
      {
        "paddingHorizontal": 16,
        "paddingVertical": 22,
      },
      {
        "backgroundColor": "#33907C",
        "rowGap": 24,
      },
      {
        "paddingTop": 0,
      },
      undefined,
    ]
  }
>
  <View
    style={
      [
        {
          "alignItems": "center",
          "columnGap": 4,
          "flexDirection": "row",
        },
        {
          "justifyContent": "flex-start",
        },
      ]
    }
  >
    <Text
      style={
        [
          {
            "color": "#fff",
            "fontFamily": "Montserrat_700Bold",
            "fontSize": 24,
          },
          false,
          {
            "textTransform": "capitalize",
          },
        ]
      }
    >
      home
    </Text>
    <View
      style={
        {
          "alignItems": "center",
          "columnGap": 4,
          "flexDirection": "row",
        }
      }
    />
  </View>
  <View
    style={
      [
        {
          "alignItems": "center",
          "columnGap": 4,
          "flexDirection": "row",
        },
        {
          "justifyContent": "space-between",
        },
      ]
    }
  />
</View>
`;
