// Jest Snapshot v1, https://goo.gl/fbAQLP

exports[`Testing store card component Render card component success 1`] = `
<View
  style={
    [
      {
        "backgroundColor": "#fff",
        "borderColor": "#0000001a",
        "borderRadius": 10,
        "borderStyle": "solid",
        "borderWidth": 1,
        "overflow": "hidden",
      },
      {
        "alignSelf": "baseline",
        "paddingBottom": 20,
        "paddingHorizontal": 27,
        "paddingTop": 50,
      },
      undefined,
    ]
  }
>
  <Image
    source={
      {
        "testUri": "../../../assets/store/tradly.png",
      }
    }
    style={
      {
        "height": 85,
        "left": 0,
        "position": "absolute",
        "top": 0,
        "width": 160,
      }
    }
  />
  <View
    style={
      {
        "alignItems": "center",
        "justifyContent": "center",
      }
    }
  >
    <View
      style={
        [
          {
            "alignItems": "center",
            "columnGap": 4,
            "flexDirection": "column",
          },
          {
            "columnGap": 10,
          },
          undefined,
        ]
      }
    >
      <Image
        accessibilityLabel="store-avatar"
        source={
          {
            "testUri": "../../../assets/avatar.png",
          }
        }
        style={
          [
            {
              "borderRadius": 50,
            },
            {
              "height": 64,
              "width": 64,
            },
          ]
        }
      />
      <Text
        numberOfLines={1}
        style={
          [
            {
              "color": "#fff",
              "fontFamily": "Montserrat_400Regular",
            },
            {
              "fontSize": 14,
            },
            {
              "color": "#4f4f4f",
              "fontFamily": "Montserrat_500Medium",
              "textTransform": "capitalize",
            },
          ]
        }
      >
        store
      </Text>
    </View>
    <View
      accessibilityState={
        {
          "busy": undefined,
          "checked": undefined,
          "disabled": undefined,
          "expanded": undefined,
          "selected": undefined,
        }
      }
      accessibilityValue={
        {
          "max": undefined,
          "min": undefined,
          "now": undefined,
          "text": undefined,
        }
      }
      accessible={true}
      collapsable={false}
      focusable={true}
      onClick={[Function]}
      onResponderGrant={[Function]}
      onResponderMove={[Function]}
      onResponderRelease={[Function]}
      onResponderTerminate={[Function]}
      onResponderTerminationRequest={[Function]}
      onStartShouldSetResponder={[Function]}
      style={
        {
          "backgroundColor": "#33907C",
          "borderColor": "#33907C",
          "borderRadius": 50,
          "borderWidth": 2,
          "marginTop": 20,
          "opacity": 1,
          "paddingHorizontal": 23,
          "paddingVertical": 4,
        }
      }
    >
      <View
        style={
          {
            "alignItems": "center",
            "columnGap": 6,
            "display": "flex",
            "flexDirection": "row",
            "justifyContent": "center",
          }
        }
      >
        <Text
          style={
            [
              {
                "color": "#fff",
                "fontFamily": "Montserrat_400Regular",
              },
              {
                "fontSize": 16,
              },
              [
                {
                  "color": "#fff",
                },
                {
                  "fontFamily": "Montserrat_500Medium",
                  "textAlign": "center",
                  "textTransform": "capitalize",
                },
                {
                  "fontSize": 10,
                },
              ],
            ]
          }
        >
          follow
        </Text>
      </View>
    </View>
  </View>
</View>
`;
