// Jest Snapshot v1, https://goo.gl/fbAQLP

exports[`Testing icon button component Render button component with an icon 1`] = `
<View
  accessibilityState={
    {
      "busy": undefined,
      "checked": undefined,
      "disabled": undefined,
      "expanded": undefined,
      "selected": undefined,
    }
  }
  accessibilityValue={
    {
      "max": undefined,
      "min": undefined,
      "now": undefined,
      "text": undefined,
    }
  }
  accessible={true}
  collapsable={false}
  focusable={true}
  onClick={[Function]}
  onResponderGrant={[Function]}
  onResponderMove={[Function]}
  onResponderRelease={[Function]}
  onResponderTerminate={[Function]}
  onResponderTerminationRequest={[Function]}
  onStartShouldSetResponder={[Function]}
  style={
    {
      "alignSelf": "flex-start",
      "backgroundColor": "transparent",
      "borderRadius": 50,
      "opacity": 1,
      "padding": 7,
    }
  }
>
  <Image
    source={
      {
        "testUri": "../../../assets/favicon.png",
      }
    }
    style={
      {
        "height": 24,
        "width": 24,
      }
    }
  />
</View>
`;
